
> @apiforge/web@1.0.0 dev
> npm run next -- dev -p 3000


> @apiforge/web@1.0.0 next
> NEXT_TELEMETRY_DISABLED=1 node ../../node_modules/next/dist/bin/next dev -p 3000

   ▲ Next.js 14.1.0
   - Local:        http://localhost:3000

 ✓ Ready in 2.2s
 ○ Compiling /login ...
Browserslist: browsers data (caniuse-lite) is 6 months old. Please run:
  npx update-browserslist-db@latest
  Why you should do it regularly: https://github.com/browserslist/update-db#readme
 ✓ Compiled /login in 8s (728 modules)
 ✓ Compiled in 722ms (324 modules)
 ✓ Compiled in 146ms (310 modules)
 ○ Compiling /workspace ...
 ⚠ ../../node_modules/handlebars/lib/index.js
require.extensions is not supported by webpack. Use a loader instead.

Import trace for requested module:
../../node_modules/handlebars/lib/index.js
./src/app/(app)/workspace/page.tsx

../../node_modules/handlebars/lib/index.js
require.extensions is not supported by webpack. Use a loader instead.

Import trace for requested module:
../../node_modules/handlebars/lib/index.js
./src/app/(app)/workspace/page.tsx

../../node_modules/handlebars/lib/index.js
require.extensions is not supported by webpack. Use a loader instead.

Import trace for requested module:
../../node_modules/handlebars/lib/index.js
./src/app/(app)/workspace/page.tsx
